// Jest Snapshot v1, https://goo.gl/fbAQLP

exports[`loads config correctly 1`] = `
"(()=>{var e=(typeof window==\\"undefined\\"?globalThis:window)||{},r={foo:\\"bar\\"},t=e._appConfig||r;(typeof e._appConfig==\\"undefined\\"||!Object.isFrozen(e._appConfig))&&(e._appConfig=t);var a=t;console.log(a);})();
"
`;

exports[`loads currentEnvironment 1`] = `
"(()=>{var e=(typeof window==\\"undefined\\"?globalThis:window)||{},t={foo:\\"bar\\"},r=e._appConfig||t;(typeof e._appConfig==\\"undefined\\"||!Object.isFrozen(e._appConfig))&&(e._appConfig=r);function o(){return e._appConfigEnvironment||\\"test\\"}console.log(o());})();
"
`;

exports[`loads validation function 1`] = `
"(()=>{var n=(typeof window==\\"undefined\\"?globalThis:window)||{},v={foo:\\"bar\\"},m=n._appConfig||v;(typeof n._appConfig==\\"undefined\\"||!Object.isFrozen(n._appConfig))&&(n._appConfig=m);function P(){let p={};return function(s){\\"use strict\\";s.exports=i,s.exports.default=i;var b={type:\\"object\\",additionalProperties:!1,properties:{foo:{type:\\"string\\"}},$schema:\\"http://json-schema.org/draft-07/schema#\\"};function i(o,t){\\"use strict\\";if(t)var a=t.dataPath,g=t.parentData,h=t.parentDataProperty,y=t.rootData;else var a=\\"\\",g=void 0,h=void 0,y=o;var e=null,r=0;if(o&&typeof o==\\"object\\"&&!Array.isArray(o)){for(var f in o)if(f!==\\"foo\\"){var d={keyword:\\"additionalProperties\\",dataPath:a,schemaPath:\\"#/additionalProperties\\",params:{additionalProperty:f},message:\\"should NOT have additional properties\\"};e===null?e=[d]:e.push(d),r++}if(o.foo!==void 0&&typeof o.foo!=\\"string\\"){var l={keyword:\\"type\\",dataPath:a+\\"/foo\\",schemaPath:\\"#/properties/foo/type\\",params:{type:\\"string\\"},message:\\"should be string\\"};e===null?e=[l]:e.push(l),r++}}else{var c={keyword:\\"type\\",dataPath:a,schemaPath:\\"#/type\\",params:{type:\\"object\\"},message:\\"should be object\\"};e===null?e=[c]:e.push(c),r++}return i.errors=e,r===0}}(p),p.exports}var u=P();u({foo:12});})();
"
`;

exports[`loads with noBundledConfig 1`] = `
"(()=>{var v=(typeof window==\\"undefined\\"?globalThis:window)||{},i=v._appConfig;if(typeof i==\\"undefined\\")throw new Error(\\"Config is not loaded in _appConfig\\");function m(){let s={};return function(p){\\"use strict\\";p.exports=n,p.exports.default=n;var P={type:\\"object\\",additionalProperties:!1,properties:{foo:{type:\\"string\\"}},$schema:\\"http://json-schema.org/draft-07/schema#\\"};function n(o,t){\\"use strict\\";if(t)var r=t.dataPath,h=t.parentData,g=t.parentDataProperty,y=t.rootData;else var r=\\"\\",h=void 0,g=void 0,y=o;var e=null,a=0;if(o&&typeof o==\\"object\\"&&!Array.isArray(o)){for(var f in o)if(f!==\\"foo\\"){var d={keyword:\\"additionalProperties\\",dataPath:r,schemaPath:\\"#/additionalProperties\\",params:{additionalProperty:f},message:\\"should NOT have additional properties\\"};e===null?e=[d]:e.push(d),a++}if(o.foo!==void 0&&typeof o.foo!=\\"string\\"){var l={keyword:\\"type\\",dataPath:r+\\"/foo\\",schemaPath:\\"#/properties/foo/type\\",params:{type:\\"string\\"},message:\\"should be string\\"};e===null?e=[l]:e.push(l),a++}}else{var u={keyword:\\"type\\",dataPath:r,schemaPath:\\"#/type\\",params:{type:\\"object\\"},message:\\"should be object\\"};e===null?e=[u]:e.push(u),a++}return n.errors=e,a===0}}(s),s.exports}var c=m();c(i);})();
"
`;

exports[`loads with noBundledConfig and no validation function 1`] = `
"(()=>{var o=(typeof window==\\"undefined\\"?globalThis:window)||{},n=o._appConfig;if(typeof n==\\"undefined\\")throw new Error(\\"Config is not loaded in _appConfig\\");console.log(n);})();
"
`;
